RD_AUDIT_V1 BEARING_COEFFICIENTS 1 1  1.8000000000000000E+003  2.3126122448979586E+008 -4.3605714285714284E+007 -7.5695510204081631E+008  2.0080204081632650E+009  6.5328571428571420E+005 -1.4666326530612248E+006 -1.4666326530612248E+006  8.4234693877551015E+006  0.0000000000000000E+000  0.0000000000000000E+000
RD_AUDIT_V1 BEARING_COEFFICIENTS 2 2  1.8000000000000000E+003  2.5421836734693879E+008 -8.3526734693877563E+007 -8.5429183673469388E+008  2.4276938775510201E+009  6.3702040816326544E+005 -1.4884693877551020E+006 -1.4884693877551020E+006  9.3026530612244885E+006  0.0000000000000000E+000  0.0000000000000000E+000
RD_AUDIT_V1 EIGENSOLVER DGGEVX_REAL 248
RD_AUDIT_V1 STABILITY_ROOT MODES  1.8000000000000000E+003 7 -3.2747828633378748E+002 -0.0000000000000000E+000  0.0000000000000000E+000
RD_AUDIT_V1 STABILITY_ROOT MODES  1.8000000000000000E+003 8 -3.4820421721583921E+002 -0.0000000000000000E+000  0.0000000000000000E+000
RD_AUDIT_V1 STABILITY_ROOT MODES  1.8000000000000000E+003 247 -2.5305567190489630E+005 -0.0000000000000000E+000  0.0000000000000000E+000
RD_AUDIT_V1 STABILITY_ROOT MODES  1.8000000000000000E+003 248 -2.9299426926354191E+005 -0.0000000000000000E+000  0.0000000000000000E+000
RD_AUDIT_V1 SPECTRUM MODES  1.8000000000000000E+003 ASYMPTOTICALLY_STABLE -7.3481164820371984E-003 248 248 0 0 4
RD_AUDIT_V1 WHIRL_NODE  1.8000000000000000E+003 1 1 BW
RD_AUDIT_V1 WHIRL_NODE  1.8000000000000000E+003 1 2 BW
RD_AUDIT_V1 WHIRL_NODE  1.8000000000000000E+003 1 3 BW
RD_AUDIT_V1 WHIRL_NODE  1.8000000000000000E+003 1 4 BW
RD_AUDIT_V1 WHIRL_NODE  1.8000000000000000E+003 1 5 BW
RD_AUDIT_V1 WHIRL_NODE  1.8000000000000000E+003 1 6 BW
RD_AUDIT_V1 WHIRL_NODE  1.8000000000000000E+003 1 7 BW
RD_AUDIT_V1 WHIRL_NODE  1.8000000000000000E+003 1 8 BW
RD_AUDIT_V1 WHIRL_NODE  1.8000000000000000E+003 1 9 BW
RD_AUDIT_V1 WHIRL_NODE  1.8000000000000000E+003 1 10 BW
RD_AUDIT_V1 WHIRL_NODE  1.8000000000000000E+003 1 11 BW
RD_AUDIT_V1 WHIRL_NODE  1.8000000000000000E+003 1 12 BW
RD_AUDIT_V1 WHIRL_NODE  1.8000000000000000E+003 1 13 BW
RD_AUDIT_V1 WHIRL_NODE  1.8000000000000000E+003 1 14 BW
RD_AUDIT_V1 WHIRL_NODE  1.8000000000000000E+003 1 15 BW
RD_AUDIT_V1 WHIRL_NODE  1.8000000000000000E+003 1 16 BW
RD_AUDIT_V1 WHIRL_NODE  1.8000000000000000E+003 1 17 BW
RD_AUDIT_V1 WHIRL_NODE  1.8000000000000000E+003 1 18 BW
RD_AUDIT_V1 WHIRL_NODE  1.8000000000000000E+003 1 19 BW
RD_AUDIT_V1 WHIRL_NODE  1.8000000000000000E+003 1 20 BW
RD_AUDIT_V1 WHIRL_NODE  1.8000000000000000E+003 1 21 BW
RD_AUDIT_V1 WHIRL_NODE  1.8000000000000000E+003 1 22 BW
RD_AUDIT_V1 WHIRL_NODE  1.8000000000000000E+003 1 23 BW
RD_AUDIT_V1 WHIRL_NODE  1.8000000000000000E+003 1 24 BW
RD_AUDIT_V1 WHIRL_NODE  1.8000000000000000E+003 1 25 BW
RD_AUDIT_V1 WHIRL_NODE  1.8000000000000000E+003 1 26 BW
RD_AUDIT_V1 WHIRL_NODE  1.8000000000000000E+003 1 27 BW
RD_AUDIT_V1 WHIRL_NODE  1.8000000000000000E+003 1 28 BW
RD_AUDIT_V1 WHIRL_NODE  1.8000000000000000E+003 1 29 BW
RD_AUDIT_V1 WHIRL_NODE  1.8000000000000000E+003 1 30 BW
RD_AUDIT_V1 MODE  1.8000000000000000E+003 1 1  2.1488474003713602E+001  1.3513108809930006E+002 -5.5743516848660173E+000  4.1251437868758574E-002  2.5941123990017473E-001 BW
RD_AUDIT_V1 WHIRL_NODE  1.8000000000000000E+003 2 1 BW
RD_AUDIT_V1 WHIRL_NODE  1.8000000000000000E+003 2 2 BW
RD_AUDIT_V1 WHIRL_NODE  1.8000000000000000E+003 2 3 BW
RD_AUDIT_V1 WHIRL_NODE  1.8000000000000000E+003 2 4 BW
RD_AUDIT_V1 WHIRL_NODE  1.8000000000000000E+003 2 5 FW
RD_AUDIT_V1 WHIRL_NODE  1.8000000000000000E+003 2 6 FW
RD_AUDIT_V1 WHIRL_NODE  1.8000000000000000E+003 2 7 FW
RD_AUDIT_V1 WHIRL_NODE  1.8000000000000000E+003 2 8 FW
RD_AUDIT_V1 WHIRL_NODE  1.8000000000000000E+003 2 9 FW
RD_AUDIT_V1 WHIRL_NODE  1.8000000000000000E+003 2 10 FW
RD_AUDIT_V1 WHIRL_NODE  1.8000000000000000E+003 2 11 FW
RD_AUDIT_V1 WHIRL_NODE  1.8000000000000000E+003 2 12 FW
RD_AUDIT_V1 WHIRL_NODE  1.8000000000000000E+003 2 13 FW
RD_AUDIT_V1 WHIRL_NODE  1.8000000000000000E+003 2 14 FW
RD_AUDIT_V1 WHIRL_NODE  1.8000000000000000E+003 2 15 FW
RD_AUDIT_V1 WHIRL_NODE  1.8000000000000000E+003 2 16 FW
RD_AUDIT_V1 WHIRL_NODE  1.8000000000000000E+003 2 17 FW
RD_AUDIT_V1 WHIRL_NODE  1.8000000000000000E+003 2 18 FW
RD_AUDIT_V1 WHIRL_NODE  1.8000000000000000E+003 2 19 FW
RD_AUDIT_V1 WHIRL_NODE  1.8000000000000000E+003 2 20 FW
RD_AUDIT_V1 WHIRL_NODE  1.8000000000000000E+003 2 21 FW
RD_AUDIT_V1 WHIRL_NODE  1.8000000000000000E+003 2 22 FW
RD_AUDIT_V1 WHIRL_NODE  1.8000000000000000E+003 2 23 FW
RD_AUDIT_V1 WHIRL_NODE  1.8000000000000000E+003 2 24 FW
RD_AUDIT_V1 WHIRL_NODE  1.8000000000000000E+003 2 25 BW
RD_AUDIT_V1 WHIRL_NODE  1.8000000000000000E+003 2 26 BW
RD_AUDIT_V1 WHIRL_NODE  1.8000000000000000E+003 2 27 BW
RD_AUDIT_V1 WHIRL_NODE  1.8000000000000000E+003 2 28 BW
RD_AUDIT_V1 WHIRL_NODE  1.8000000000000000E+003 2 29 BW
RD_AUDIT_V1 WHIRL_NODE  1.8000000000000000E+003 2 30 BW
RD_AUDIT_V1 MODE  1.8000000000000000E+003 2 3  3.5825824843841772E+001  2.2526714452283562E+002 -8.6685072383804975E+000  3.8481009988128832E-002  2.4196253055344683E-001 MX
RD_AUDIT_V1 WHIRL_NODE  1.8000000000000000E+003 3 1 BW
RD_AUDIT_V1 WHIRL_NODE  1.8000000000000000E+003 3 2 BW
RD_AUDIT_V1 WHIRL_NODE  1.8000000000000000E+003 3 3 BW
RD_AUDIT_V1 WHIRL_NODE  1.8000000000000000E+003 3 4 BW
RD_AUDIT_V1 WHIRL_NODE  1.8000000000000000E+003 3 5 BW
RD_AUDIT_V1 WHIRL_NODE  1.8000000000000000E+003 3 6 BW
RD_AUDIT_V1 WHIRL_NODE  1.8000000000000000E+003 3 7 BW
RD_AUDIT_V1 WHIRL_NODE  1.8000000000000000E+003 3 8 BW
RD_AUDIT_V1 WHIRL_NODE  1.8000000000000000E+003 3 9 BW
RD_AUDIT_V1 WHIRL_NODE  1.8000000000000000E+003 3 10 BW
RD_AUDIT_V1 WHIRL_NODE  1.8000000000000000E+003 3 11 BW
RD_AUDIT_V1 WHIRL_NODE  1.8000000000000000E+003 3 12 FW
RD_AUDIT_V1 WHIRL_NODE  1.8000000000000000E+003 3 13 BW
RD_AUDIT_V1 WHIRL_NODE  1.8000000000000000E+003 3 14 BW
RD_AUDIT_V1 WHIRL_NODE  1.8000000000000000E+003 3 15 BW
RD_AUDIT_V1 WHIRL_NODE  1.8000000000000000E+003 3 16 BW
RD_AUDIT_V1 WHIRL_NODE  1.8000000000000000E+003 3 17 BW
RD_AUDIT_V1 WHIRL_NODE  1.8000000000000000E+003 3 18 BW
RD_AUDIT_V1 WHIRL_NODE  1.8000000000000000E+003 3 19 BW
RD_AUDIT_V1 WHIRL_NODE  1.8000000000000000E+003 3 20 BW
RD_AUDIT_V1 WHIRL_NODE  1.8000000000000000E+003 3 21 BW
RD_AUDIT_V1 WHIRL_NODE  1.8000000000000000E+003 3 22 BW
RD_AUDIT_V1 WHIRL_NODE  1.8000000000000000E+003 3 23 BW
RD_AUDIT_V1 WHIRL_NODE  1.8000000000000000E+003 3 24 BW
RD_AUDIT_V1 WHIRL_NODE  1.8000000000000000E+003 3 25 BW
RD_AUDIT_V1 WHIRL_NODE  1.8000000000000000E+003 3 26 BW
RD_AUDIT_V1 WHIRL_NODE  1.8000000000000000E+003 3 27 BW
RD_AUDIT_V1 WHIRL_NODE  1.8000000000000000E+003 3 28 BW
RD_AUDIT_V1 WHIRL_NODE  1.8000000000000000E+003 3 29 BW
RD_AUDIT_V1 WHIRL_NODE  1.8000000000000000E+003 3 30 BW
RD_AUDIT_V1 MODE  1.8000000000000000E+003 3 5  3.9539143716955486E+001  2.5049339929348636E+002 -3.2071799201305218E+001  1.2803450826154839E-001  8.1114045946199720E-001 MX
RD_AUDIT_V1 WHIRL_NODE  1.8000000000000000E+003 4 1 BW
RD_AUDIT_V1 WHIRL_NODE  1.8000000000000000E+003 4 2 BW
RD_AUDIT_V1 WHIRL_NODE  1.8000000000000000E+003 4 3 BW
RD_AUDIT_V1 WHIRL_NODE  1.8000000000000000E+003 4 4 BW
RD_AUDIT_V1 WHIRL_NODE  1.8000000000000000E+003 4 5 BW
RD_AUDIT_V1 WHIRL_NODE  1.8000000000000000E+003 4 6 BW
RD_AUDIT_V1 WHIRL_NODE  1.8000000000000000E+003 4 7 BW
RD_AUDIT_V1 WHIRL_NODE  1.8000000000000000E+003 4 8 BW
RD_AUDIT_V1 WHIRL_NODE  1.8000000000000000E+003 4 9 BW
RD_AUDIT_V1 WHIRL_NODE  1.8000000000000000E+003 4 10 BW
RD_AUDIT_V1 WHIRL_NODE  1.8000000000000000E+003 4 11 BW
RD_AUDIT_V1 WHIRL_NODE  1.8000000000000000E+003 4 12 BW
RD_AUDIT_V1 WHIRL_NODE  1.8000000000000000E+003 4 13 BW
RD_AUDIT_V1 WHIRL_NODE  1.8000000000000000E+003 4 14 BW
RD_AUDIT_V1 WHIRL_NODE  1.8000000000000000E+003 4 15 BW
RD_AUDIT_V1 WHIRL_NODE  1.8000000000000000E+003 4 16 BW
RD_AUDIT_V1 WHIRL_NODE  1.8000000000000000E+003 4 17 BW
RD_AUDIT_V1 WHIRL_NODE  1.8000000000000000E+003 4 18 BW
RD_AUDIT_V1 WHIRL_NODE  1.8000000000000000E+003 4 19 BW
RD_AUDIT_V1 WHIRL_NODE  1.8000000000000000E+003 4 20 BW
RD_AUDIT_V1 WHIRL_NODE  1.8000000000000000E+003 4 21 BW
RD_AUDIT_V1 WHIRL_NODE  1.8000000000000000E+003 4 22 FW
RD_AUDIT_V1 WHIRL_NODE  1.8000000000000000E+003 4 23 FW
RD_AUDIT_V1 WHIRL_NODE  1.8000000000000000E+003 4 24 FW
RD_AUDIT_V1 WHIRL_NODE  1.8000000000000000E+003 4 25 BW
RD_AUDIT_V1 WHIRL_NODE  1.8000000000000000E+003 4 26 BW
RD_AUDIT_V1 WHIRL_NODE  1.8000000000000000E+003 4 27 BW
RD_AUDIT_V1 WHIRL_NODE  1.8000000000000000E+003 4 28 BW
RD_AUDIT_V1 WHIRL_NODE  1.8000000000000000E+003 4 29 BW
RD_AUDIT_V1 WHIRL_NODE  1.8000000000000000E+003 4 30 BW
RD_AUDIT_V1 MODE  1.8000000000000000E+003 4 9  6.9371704414493195E+001  4.3705082460446715E+002 -3.2033870829570724E+001  7.3295527719371104E-002  4.6177142539513816E-001 MX
RD_AUDIT_V1 WHIRL_NODE  1.8000000000000000E+003 5 1 BW
RD_AUDIT_V1 WHIRL_NODE  1.8000000000000000E+003 5 2 BW
RD_AUDIT_V1 WHIRL_NODE  1.8000000000000000E+003 5 3 BW
RD_AUDIT_V1 WHIRL_NODE  1.8000000000000000E+003 5 4 BW
RD_AUDIT_V1 WHIRL_NODE  1.8000000000000000E+003 5 5 BW
RD_AUDIT_V1 WHIRL_NODE  1.8000000000000000E+003 5 6 FW
RD_AUDIT_V1 WHIRL_NODE  1.8000000000000000E+003 5 7 FW
RD_AUDIT_V1 WHIRL_NODE  1.8000000000000000E+003 5 8 FW
RD_AUDIT_V1 WHIRL_NODE  1.8000000000000000E+003 5 9 FW
RD_AUDIT_V1 WHIRL_NODE  1.8000000000000000E+003 5 10 FW
RD_AUDIT_V1 WHIRL_NODE  1.8000000000000000E+003 5 11 FW
RD_AUDIT_V1 WHIRL_NODE  1.8000000000000000E+003 5 12 BW
RD_AUDIT_V1 WHIRL_NODE  1.8000000000000000E+003 5 13 BW
RD_AUDIT_V1 WHIRL_NODE  1.8000000000000000E+003 5 14 BW
RD_AUDIT_V1 WHIRL_NODE  1.8000000000000000E+003 5 15 BW
RD_AUDIT_V1 WHIRL_NODE  1.8000000000000000E+003 5 16 BW
RD_AUDIT_V1 WHIRL_NODE  1.8000000000000000E+003 5 17 FW
RD_AUDIT_V1 WHIRL_NODE  1.8000000000000000E+003 5 18 FW
RD_AUDIT_V1 WHIRL_NODE  1.8000000000000000E+003 5 19 FW
RD_AUDIT_V1 WHIRL_NODE  1.8000000000000000E+003 5 20 FW
RD_AUDIT_V1 WHIRL_NODE  1.8000000000000000E+003 5 21 FW
RD_AUDIT_V1 WHIRL_NODE  1.8000000000000000E+003 5 22 FW
RD_AUDIT_V1 WHIRL_NODE  1.8000000000000000E+003 5 23 FW
RD_AUDIT_V1 WHIRL_NODE  1.8000000000000000E+003 5 24 FW
RD_AUDIT_V1 WHIRL_NODE  1.8000000000000000E+003 5 25 FW
RD_AUDIT_V1 WHIRL_NODE  1.8000000000000000E+003 5 26 FW
RD_AUDIT_V1 WHIRL_NODE  1.8000000000000000E+003 5 27 FW
RD_AUDIT_V1 WHIRL_NODE  1.8000000000000000E+003 5 28 FW
RD_AUDIT_V1 WHIRL_NODE  1.8000000000000000E+003 5 29 FW
RD_AUDIT_V1 WHIRL_NODE  1.8000000000000000E+003 5 30 FW
RD_AUDIT_V1 MODE  1.8000000000000000E+003 5 11  7.1936445365619605E+001  4.5232966317680297E+002 -1.7525669998430811E+001  3.8745347531144600E-002  2.4362713377559805E-001 MX
RD_AUDIT_V1 WHIRL_NODE  1.8000000000000000E+003 6 1 FW
RD_AUDIT_V1 WHIRL_NODE  1.8000000000000000E+003 6 2 FW
RD_AUDIT_V1 WHIRL_NODE  1.8000000000000000E+003 6 3 FW
RD_AUDIT_V1 WHIRL_NODE  1.8000000000000000E+003 6 4 FW
RD_AUDIT_V1 WHIRL_NODE  1.8000000000000000E+003 6 5 FW
RD_AUDIT_V1 WHIRL_NODE  1.8000000000000000E+003 6 6 FW
RD_AUDIT_V1 WHIRL_NODE  1.8000000000000000E+003 6 7 FW
RD_AUDIT_V1 WHIRL_NODE  1.8000000000000000E+003 6 8 FW
RD_AUDIT_V1 WHIRL_NODE  1.8000000000000000E+003 6 9 FW
RD_AUDIT_V1 WHIRL_NODE  1.8000000000000000E+003 6 10 FW
RD_AUDIT_V1 WHIRL_NODE  1.8000000000000000E+003 6 11 FW
RD_AUDIT_V1 WHIRL_NODE  1.8000000000000000E+003 6 12 BW
RD_AUDIT_V1 WHIRL_NODE  1.8000000000000000E+003 6 13 FW
RD_AUDIT_V1 WHIRL_NODE  1.8000000000000000E+003 6 14 FW
RD_AUDIT_V1 WHIRL_NODE  1.8000000000000000E+003 6 15 BW
RD_AUDIT_V1 WHIRL_NODE  1.8000000000000000E+003 6 16 BW
RD_AUDIT_V1 WHIRL_NODE  1.8000000000000000E+003 6 17 BW
RD_AUDIT_V1 WHIRL_NODE  1.8000000000000000E+003 6 18 BW
RD_AUDIT_V1 WHIRL_NODE  1.8000000000000000E+003 6 19 BW
RD_AUDIT_V1 WHIRL_NODE  1.8000000000000000E+003 6 20 BW
RD_AUDIT_V1 WHIRL_NODE  1.8000000000000000E+003 6 21 BW
RD_AUDIT_V1 WHIRL_NODE  1.8000000000000000E+003 6 22 BW
RD_AUDIT_V1 WHIRL_NODE  1.8000000000000000E+003 6 23 BW
RD_AUDIT_V1 WHIRL_NODE  1.8000000000000000E+003 6 24 BW
RD_AUDIT_V1 WHIRL_NODE  1.8000000000000000E+003 6 25 BW
RD_AUDIT_V1 WHIRL_NODE  1.8000000000000000E+003 6 26 BW
RD_AUDIT_V1 WHIRL_NODE  1.8000000000000000E+003 6 27 BW
RD_AUDIT_V1 WHIRL_NODE  1.8000000000000000E+003 6 28 BW
RD_AUDIT_V1 WHIRL_NODE  1.8000000000000000E+003 6 29 BW
RD_AUDIT_V1 WHIRL_NODE  1.8000000000000000E+003 6 30 BW
RD_AUDIT_V1 MODE  1.8000000000000000E+003 6 13  1.3753371673130155E+002  8.6594364266906769E+002 -5.5708766699760361E+001  6.4333016555270475E-002  4.0505534223726464E-001 MX
RD_AUDIT_V1 WHIRL_NODE  1.8000000000000000E+003 7 1 FW
RD_AUDIT_V1 WHIRL_NODE  1.8000000000000000E+003 7 2 FW
RD_AUDIT_V1 WHIRL_NODE  1.8000000000000000E+003 7 3 FW
RD_AUDIT_V1 WHIRL_NODE  1.8000000000000000E+003 7 4 FW
RD_AUDIT_V1 WHIRL_NODE  1.8000000000000000E+003 7 5 FW
RD_AUDIT_V1 WHIRL_NODE  1.8000000000000000E+003 7 6 FW
RD_AUDIT_V1 WHIRL_NODE  1.8000000000000000E+003 7 7 FW
RD_AUDIT_V1 WHIRL_NODE  1.8000000000000000E+003 7 8 FW
RD_AUDIT_V1 WHIRL_NODE  1.8000000000000000E+003 7 9 FW
RD_AUDIT_V1 WHIRL_NODE  1.8000000000000000E+003 7 10 FW
RD_AUDIT_V1 WHIRL_NODE  1.8000000000000000E+003 7 11 FW
RD_AUDIT_V1 WHIRL_NODE  1.8000000000000000E+003 7 12 BW
RD_AUDIT_V1 WHIRL_NODE  1.8000000000000000E+003 7 13 BW
RD_AUDIT_V1 WHIRL_NODE  1.8000000000000000E+003 7 14 BW
RD_AUDIT_V1 WHIRL_NODE  1.8000000000000000E+003 7 15 BW
RD_AUDIT_V1 WHIRL_NODE  1.8000000000000000E+003 7 16 BW
RD_AUDIT_V1 WHIRL_NODE  1.8000000000000000E+003 7 17 BW
RD_AUDIT_V1 WHIRL_NODE  1.8000000000000000E+003 7 18 BW
RD_AUDIT_V1 WHIRL_NODE  1.8000000000000000E+003 7 19 BW
RD_AUDIT_V1 WHIRL_NODE  1.8000000000000000E+003 7 20 BW
RD_AUDIT_V1 WHIRL_NODE  1.8000000000000000E+003 7 21 BW
RD_AUDIT_V1 WHIRL_NODE  1.8000000000000000E+003 7 22 BW
RD_AUDIT_V1 WHIRL_NODE  1.8000000000000000E+003 7 23 BW
RD_AUDIT_V1 WHIRL_NODE  1.8000000000000000E+003 7 24 BW
RD_AUDIT_V1 WHIRL_NODE  1.8000000000000000E+003 7 25 BW
RD_AUDIT_V1 WHIRL_NODE  1.8000000000000000E+003 7 26 BW
RD_AUDIT_V1 WHIRL_NODE  1.8000000000000000E+003 7 27 BW
RD_AUDIT_V1 WHIRL_NODE  1.8000000000000000E+003 7 28 BW
RD_AUDIT_V1 WHIRL_NODE  1.8000000000000000E+003 7 29 BW
RD_AUDIT_V1 WHIRL_NODE  1.8000000000000000E+003 7 30 BW
RD_AUDIT_V1 MODE  1.8000000000000000E+003 7 15  1.3811242786745908E+002  8.7069974938477253E+002 -7.1172683002632880E+001  8.1741935785467679E-002  5.1532424780002006E-001 MX
RD_AUDIT_V1 WHIRL_NODE  1.8000000000000000E+003 8 1 FW
RD_AUDIT_V1 WHIRL_NODE  1.8000000000000000E+003 8 2 FW
RD_AUDIT_V1 WHIRL_NODE  1.8000000000000000E+003 8 3 FW
RD_AUDIT_V1 WHIRL_NODE  1.8000000000000000E+003 8 4 FW
RD_AUDIT_V1 WHIRL_NODE  1.8000000000000000E+003 8 5 FW
RD_AUDIT_V1 WHIRL_NODE  1.8000000000000000E+003 8 6 FW
RD_AUDIT_V1 WHIRL_NODE  1.8000000000000000E+003 8 7 BW
RD_AUDIT_V1 WHIRL_NODE  1.8000000000000000E+003 8 8 BW
RD_AUDIT_V1 WHIRL_NODE  1.8000000000000000E+003 8 9 BW
RD_AUDIT_V1 WHIRL_NODE  1.8000000000000000E+003 8 10 BW
RD_AUDIT_V1 WHIRL_NODE  1.8000000000000000E+003 8 11 FW
RD_AUDIT_V1 WHIRL_NODE  1.8000000000000000E+003 8 12 FW
RD_AUDIT_V1 WHIRL_NODE  1.8000000000000000E+003 8 13 BW
RD_AUDIT_V1 WHIRL_NODE  1.8000000000000000E+003 8 14 FW
RD_AUDIT_V1 WHIRL_NODE  1.8000000000000000E+003 8 15 FW
RD_AUDIT_V1 WHIRL_NODE  1.8000000000000000E+003 8 16 FW
RD_AUDIT_V1 WHIRL_NODE  1.8000000000000000E+003 8 17 FW
RD_AUDIT_V1 WHIRL_NODE  1.8000000000000000E+003 8 18 FW
RD_AUDIT_V1 WHIRL_NODE  1.8000000000000000E+003 8 19 BW
RD_AUDIT_V1 WHIRL_NODE  1.8000000000000000E+003 8 20 BW
RD_AUDIT_V1 WHIRL_NODE  1.8000000000000000E+003 8 21 BW
RD_AUDIT_V1 WHIRL_NODE  1.8000000000000000E+003 8 22 BW
RD_AUDIT_V1 WHIRL_NODE  1.8000000000000000E+003 8 23 BW
RD_AUDIT_V1 WHIRL_NODE  1.8000000000000000E+003 8 24 BW
RD_AUDIT_V1 WHIRL_NODE  1.8000000000000000E+003 8 25 BW
RD_AUDIT_V1 WHIRL_NODE  1.8000000000000000E+003 8 26 BW
RD_AUDIT_V1 WHIRL_NODE  1.8000000000000000E+003 8 27 BW
RD_AUDIT_V1 WHIRL_NODE  1.8000000000000000E+003 8 28 BW
RD_AUDIT_V1 WHIRL_NODE  1.8000000000000000E+003 8 29 FW
RD_AUDIT_V1 WHIRL_NODE  1.8000000000000000E+003 8 30 BW
RD_AUDIT_V1 MODE  1.8000000000000000E+003 8 17  2.0887300781171626E+002  1.3136358971115055E+003 -5.7249423605094101E+001  4.3580891578082835E-002  2.7408722747316522E-001 MX
RD_AUDIT_V1 WHIRL_NODE  1.8000000000000000E+003 9 1 BW
RD_AUDIT_V1 WHIRL_NODE  1.8000000000000000E+003 9 2 BW
RD_AUDIT_V1 WHIRL_NODE  1.8000000000000000E+003 9 3 BW
RD_AUDIT_V1 WHIRL_NODE  1.8000000000000000E+003 9 4 BW
RD_AUDIT_V1 WHIRL_NODE  1.8000000000000000E+003 9 5 FW
RD_AUDIT_V1 WHIRL_NODE  1.8000000000000000E+003 9 6 FW
RD_AUDIT_V1 WHIRL_NODE  1.8000000000000000E+003 9 7 FW
RD_AUDIT_V1 WHIRL_NODE  1.8000000000000000E+003 9 8 BW
RD_AUDIT_V1 WHIRL_NODE  1.8000000000000000E+003 9 9 BW
RD_AUDIT_V1 WHIRL_NODE  1.8000000000000000E+003 9 10 BW
RD_AUDIT_V1 WHIRL_NODE  1.8000000000000000E+003 9 11 BW
RD_AUDIT_V1 WHIRL_NODE  1.8000000000000000E+003 9 12 BW
RD_AUDIT_V1 WHIRL_NODE  1.8000000000000000E+003 9 13 BW
RD_AUDIT_V1 WHIRL_NODE  1.8000000000000000E+003 9 14 BW
RD_AUDIT_V1 WHIRL_NODE  1.8000000000000000E+003 9 15 FW
RD_AUDIT_V1 WHIRL_NODE  1.8000000000000000E+003 9 16 FW
RD_AUDIT_V1 WHIRL_NODE  1.8000000000000000E+003 9 17 BW
RD_AUDIT_V1 WHIRL_NODE  1.8000000000000000E+003 9 18 BW
RD_AUDIT_V1 WHIRL_NODE  1.8000000000000000E+003 9 19 BW
RD_AUDIT_V1 WHIRL_NODE  1.8000000000000000E+003 9 20 BW
RD_AUDIT_V1 WHIRL_NODE  1.8000000000000000E+003 9 21 BW
RD_AUDIT_V1 WHIRL_NODE  1.8000000000000000E+003 9 22 BW
RD_AUDIT_V1 WHIRL_NODE  1.8000000000000000E+003 9 23 BW
RD_AUDIT_V1 WHIRL_NODE  1.8000000000000000E+003 9 24 BW
RD_AUDIT_V1 WHIRL_NODE  1.8000000000000000E+003 9 25 BW
RD_AUDIT_V1 WHIRL_NODE  1.8000000000000000E+003 9 26 BW
RD_AUDIT_V1 WHIRL_NODE  1.8000000000000000E+003 9 27 BW
RD_AUDIT_V1 WHIRL_NODE  1.8000000000000000E+003 9 28 BW
RD_AUDIT_V1 WHIRL_NODE  1.8000000000000000E+003 9 29 FW
RD_AUDIT_V1 WHIRL_NODE  1.8000000000000000E+003 9 30 BW
RD_AUDIT_V1 MODE  1.8000000000000000E+003 9 19  2.1267854306333822E+002  1.3371141718529154E+003 -4.6691553397058087E+001  3.4919645891087175E-002  2.1954049865365488E-001 MX
RD_AUDIT_V1 WHIRL_NODE  1.8000000000000000E+003 10 1 FW
RD_AUDIT_V1 WHIRL_NODE  1.8000000000000000E+003 10 2 FW
RD_AUDIT_V1 WHIRL_NODE  1.8000000000000000E+003 10 3 FW
RD_AUDIT_V1 WHIRL_NODE  1.8000000000000000E+003 10 4 FW
RD_AUDIT_V1 WHIRL_NODE  1.8000000000000000E+003 10 5 FW
RD_AUDIT_V1 WHIRL_NODE  1.8000000000000000E+003 10 6 FW
RD_AUDIT_V1 WHIRL_NODE  1.8000000000000000E+003 10 7 FW
RD_AUDIT_V1 WHIRL_NODE  1.8000000000000000E+003 10 8 FW
RD_AUDIT_V1 WHIRL_NODE  1.8000000000000000E+003 10 9 FW
RD_AUDIT_V1 WHIRL_NODE  1.8000000000000000E+003 10 10 FW
RD_AUDIT_V1 WHIRL_NODE  1.8000000000000000E+003 10 11 FW
RD_AUDIT_V1 WHIRL_NODE  1.8000000000000000E+003 10 12 FW
RD_AUDIT_V1 WHIRL_NODE  1.8000000000000000E+003 10 13 FW
RD_AUDIT_V1 WHIRL_NODE  1.8000000000000000E+003 10 14 FW
RD_AUDIT_V1 WHIRL_NODE  1.8000000000000000E+003 10 15 FW
RD_AUDIT_V1 WHIRL_NODE  1.8000000000000000E+003 10 16 FW
RD_AUDIT_V1 WHIRL_NODE  1.8000000000000000E+003 10 17 FW
RD_AUDIT_V1 WHIRL_NODE  1.8000000000000000E+003 10 18 FW
RD_AUDIT_V1 WHIRL_NODE  1.8000000000000000E+003 10 19 FW
RD_AUDIT_V1 WHIRL_NODE  1.8000000000000000E+003 10 20 FW
RD_AUDIT_V1 WHIRL_NODE  1.8000000000000000E+003 10 21 FW
RD_AUDIT_V1 WHIRL_NODE  1.8000000000000000E+003 10 22 FW
RD_AUDIT_V1 WHIRL_NODE  1.8000000000000000E+003 10 23 FW
RD_AUDIT_V1 WHIRL_NODE  1.8000000000000000E+003 10 24 FW
RD_AUDIT_V1 WHIRL_NODE  1.8000000000000000E+003 10 25 FW
RD_AUDIT_V1 WHIRL_NODE  1.8000000000000000E+003 10 26 FW
RD_AUDIT_V1 WHIRL_NODE  1.8000000000000000E+003 10 27 FW
RD_AUDIT_V1 WHIRL_NODE  1.8000000000000000E+003 10 28 FW
RD_AUDIT_V1 WHIRL_NODE  1.8000000000000000E+003 10 29 BW
RD_AUDIT_V1 WHIRL_NODE  1.8000000000000000E+003 10 30 FW
RD_AUDIT_V1 MODE  1.8000000000000000E+003 10 21  2.5360122267942867E+002  1.5937154545821477E+003 -3.0505337206044597E+001  1.9141018629352951E-002  1.2028860462004032E-001 MX
